// Jest Snapshot v1, https://goo.gl/fbAQLP

exports[`renders correctly 1`] = `
<div
  className="headerImage gatsby-image-wrapper"
  style={
    Object {
      "maxHeight": null,
      "maxWidth": null,
      "overflow": "hidden",
      "position": "relative",
    }
  }
>
  <div
    aria-hidden={true}
    style={
      Object {
        "paddingBottom": "32%",
        "width": "100%",
      }
    }
  />
  <img
    alt=""
    aria-hidden={true}
    src="data:image/jpeg;base64,/9j/2wBDABALDA4MChAODQ4SERATGCgaGBYWGDEjJR0oOjM9PDkzODdASFxOQERXRTc4UG1RV19iZ2hnPk1xeXBkeFxlZ2P/2wBDARESEhgVGC8aGi9jQjhCY2NjY2NjY2NjY2NjY2NjY2NjY2NjY2NjY2NjY2NjY2NjY2NjY2NjY2NjY2NjY2NjY2P/wgARCAAGABQDASIAAhEBAxEB/8QAFgABAQEAAAAAAAAAAAAAAAAAAAMC/8QAFQEBAQAAAAAAAAAAAAAAAAAAAgH/2gAMAwEAAhADEAAAAYaArCL/xAAaEAACAgMAAAAAAAAAAAAAAAADEQABAhIy/9oACAEBAAEFAg4KA7d7f//EABQRAQAAAAAAAAAAAAAAAAAAABD/2gAIAQMBAT8BP//EABQRAQAAAAAAAAAAAAAAAAAAABD/2gAIAQIBAT8BP//EABkQAAEFAAAAAAAAAAAAAAAAAAABAhFxgf/aAAgBAQAGPwLBYHWf/8QAGRABAAIDAAAAAAAAAAAAAAAAAQARIWGh/9oACAEBAAE/IQy2eQBMlRUf/9oADAMBAAIAAwAAABBz7//EABQRAQAAAAAAAAAAAAAAAAAAABD/2gAIAQMBAT8QP//EABQRAQAAAAAAAAAAAAAAAAAAABD/2gAIAQIBAT8QP//EABwQAQACAQUAAAAAAAAAAAAAAAEAESExUWGB4f/aAAgBAQABPxBBLa9KmITWyW3vfsAhQWrwT//Z"
    style={
      Object {
        "height": "100%",
        "left": 0,
        "objectFit": "cover",
        "objectPosition": "center",
        "opacity": 1,
        "position": "absolute",
        "top": 0,
        "transitionDelay": "500ms",
        "width": "100%",
      }
    }
  />
  <picture>
    <source
      sizes="(max-width: 800px) 100vw, 800px"
      srcSet="/static/61b01b8e75a308d6113a9caf7be58abe/6b183/header.webp 200w,
/static/61b01b8e75a308d6113a9caf7be58abe/fc32b/header.webp 400w,
/static/61b01b8e75a308d6113a9caf7be58abe/ccdb5/header.webp 800w"
      type="image/webp"
    />
    <source
      sizes="(max-width: 800px) 100vw, 800px"
      srcSet="/static/61b01b8e75a308d6113a9caf7be58abe/fd013/header.jpg 200w,
/static/61b01b8e75a308d6113a9caf7be58abe/25252/header.jpg 400w,
/static/61b01b8e75a308d6113a9caf7be58abe/2f1b1/header.jpg 800w"
    />
    <img
      alt=""
      loading="lazy"
      onLoad={[Function]}
      sizes="(max-width: 800px) 100vw, 800px"
      src="/static/61b01b8e75a308d6113a9caf7be58abe/2f1b1/header.jpg"
      srcSet="/static/61b01b8e75a308d6113a9caf7be58abe/fd013/header.jpg 200w,
/static/61b01b8e75a308d6113a9caf7be58abe/25252/header.jpg 400w,
/static/61b01b8e75a308d6113a9caf7be58abe/2f1b1/header.jpg 800w"
      style={
        Object {
          "height": "100%",
          "left": 0,
          "objectFit": "cover",
          "objectPosition": "center",
          "opacity": 0,
          "position": "absolute",
          "top": 0,
          "transition": "opacity 500ms",
          "width": "100%",
        }
      }
    />
  </picture>
  <noscript
    dangerouslySetInnerHTML={
      Object {
        "__html": "<picture><source type='image/webp' srcset=\\"/static/61b01b8e75a308d6113a9caf7be58abe/6b183/header.webp 200w,
/static/61b01b8e75a308d6113a9caf7be58abe/fc32b/header.webp 400w,
/static/61b01b8e75a308d6113a9caf7be58abe/ccdb5/header.webp 800w\\" sizes=\\"(max-width: 800px) 100vw, 800px\\" /><source srcset=\\"/static/61b01b8e75a308d6113a9caf7be58abe/fd013/header.jpg 200w,
/static/61b01b8e75a308d6113a9caf7be58abe/25252/header.jpg 400w,
/static/61b01b8e75a308d6113a9caf7be58abe/2f1b1/header.jpg 800w\\" sizes=\\"(max-width: 800px) 100vw, 800px\\" /><img loading=\\"lazy\\" sizes=\\"(max-width: 800px) 100vw, 800px\\" srcset=\\"/static/61b01b8e75a308d6113a9caf7be58abe/fd013/header.jpg 200w,
/static/61b01b8e75a308d6113a9caf7be58abe/25252/header.jpg 400w,
/static/61b01b8e75a308d6113a9caf7be58abe/2f1b1/header.jpg 800w\\" src=\\"/static/61b01b8e75a308d6113a9caf7be58abe/2f1b1/header.jpg\\" alt=\\"\\" style=\\"position:absolute;top:0;left:0;opacity:1;width:100%;height:100%;object-fit:cover;object-position:center\\"/></picture>",
      }
    }
  />
</div>
`;
